plotname: Z test
axis_x: z
axis_y: N(z)
name_x0: Normalized Intensity
name_y0: Acentric Observed
name_y1: Acentric Untwinned
name_y2: Acentric Twinned
x0: 0.000000 0.100000 0.200000 0.300000 0.400000 0.500000 0.600000 0.700000 0.800000 0.900000 1.000000
y0: 0.000000 0.086434 0.172024 0.250865 0.322197 0.389353 0.446554 0.498102 0.546528 0.588585 0.625749
y1: 0.000000 0.095200 0.181300 0.259200 0.329700 0.393500 0.451200 0.503400 0.550700 0.593400 0.632100
y2: 0.000000 0.017523 0.061552 0.121901 0.191208 0.264241 0.337372 0.408167 0.475069 0.537163 0.593994

